blah

blah
blah
blah
blah
blah
blah
blah
blah
blubb
